// Jest Snapshot v1, https://goo.gl/fbAQLP

exports[`Testing App Stateful Component renders correctly 1`] = `
<div
  className="app-class"
>
  <div
    className="draggable"
  />
  <div
    className="left-nav"
  >
    <div
      className="top-half"
    >
      <div
        className="title"
      >
        <img
          src="http://localhost/nautilus_logo.svg"
        />
        <h1>
          Nautilus
        </h1>
      </div>
    </div>
    <div
      className="info-dropdown"
    >
      <h3>
        
      </h3>
      <div
        className="content-wrapper"
      >
        <div
          className="overflow-container"
        >
          <div
            className="overview"
          >
            Please select a container with details to display.
          </div>
        </div>
      </div>
    </div>
  </div>
  <div
    className="main flex"
  >
    <div
      className="option-bar"
    >
      <div
        className="views flex"
      >
        <select
          className="option"
          id="networks"
          name="networks"
          onChange={[Function]}
          value=""
        >
          <option
            disabled={true}
            id="networkHeader"
            value=""
          >
            networks
          </option>
          <option
            className="networkOption"
            id="groupNetworks"
            value="groupNetworks"
          >
            default
          </option>
        </select>
        <span
          className="option selected"
          id="depends_on"
          onClick={[Function]}
        >
          depends on
        </span>
      </div>
      <div
        className="titles flex"
      >
        <h2>
          Views
        </h2>
        <div
          className="vl"
        />
        <h2>
          Options
        </h2>
      </div>
      <div
        className="options flex"
      >
        <span
          className="option"
          id="ports"
          onClick={[Function]}
        >
          ports
        </span>
        <span
          className="option"
          id="volumes"
          onClick={[Function]}
        >
          volumes
        </span>
        <span
          className="option"
          id="selectAll"
          onClick={[Function]}
        >
          select all
        </span>
      </div>
    </div>
    <div
      className="d3-wrapper"
    >
      <div
        className="error-upload-wrapper"
      >
        <div
          className="file-upload"
        >
          <label
            htmlFor="files"
          >
            <div
              className="select-file-button upload-flex"
            >
              <svg
                className="upload-button"
                fill="currentColor"
                height={24}
                size={24}
                stroke="currentColor"
                strokeWidth="0"
                style={
                  Object {
                    "color": undefined,
                  }
                }
                viewBox="0 0 512 512"
                width={24}
                xmlns="http://www.w3.org/2000/svg"
              >
                <path
                  d="M296 384h-80c-13.3 0-24-10.7-24-24V192h-87.7c-17.8 0-26.7-21.5-14.1-34.1L242.3 5.7c7.5-7.5 19.8-7.5 27.3 0l152.2 152.2c12.6 12.6 3.7 34.1-14.1 34.1H320v168c0 13.3-10.7 24-24 24zm216-8v112c0 13.3-10.7 24-24 24H24c-13.3 0-24-10.7-24-24V376c0-13.3 10.7-24 24-24h136v8c0 30.9 25.1 56 56 56h80c30.9 0 56-25.1 56-56v-8h136c13.3 0 24 10.7 24 24zm-124 88c0-11-9-20-20-20s-20 9-20 20 9 20 20 20 20-9 20-20zm64 0c0-11-9-20-20-20s-20 9-20 20 9 20 20 20 20-9 20-20z"
                />
              </svg>
              <h5>
                Upload
              </h5>
            </div>
          </label>
          <input
            accept=".yml,.yaml"
            id="files"
            name="yaml"
            onChange={[Function]}
            style={
              Object {
                "display": "none",
              }
            }
            type="file"
          />
        </div>
      </div>
    </div>
  </div>
</div>
`;
