// Jest Snapshot v1, https://goo.gl/fbAQLP

exports[`test the functionality of LeftNav component renders correctly 1`] = `
<div
  className="left-nav"
>
  <div
    className="top-half"
  >
    <div
      className="title"
    >
      <img
        src="http://localhost/nautilus_logo.svg"
      />
      <h1>
        Nautilus
      </h1>
    </div>
    <div
      className="file-open"
    >
      <label
        htmlFor="files"
      >
        <div
          className="select-file-button open-flex"
        >
          <svg
            className="open-button"
            fill="currentColor"
            height={24}
            size={24}
            stroke="currentColor"
            strokeWidth="0"
            style={
              Object {
                "color": undefined,
              }
            }
            viewBox="0 0 512 512"
            width={24}
            xmlns="http://www.w3.org/2000/svg"
          >
            <path
              d="M296 384h-80c-13.3 0-24-10.7-24-24V192h-87.7c-17.8 0-26.7-21.5-14.1-34.1L242.3 5.7c7.5-7.5 19.8-7.5 27.3 0l152.2 152.2c12.6 12.6 3.7 34.1-14.1 34.1H320v168c0 13.3-10.7 24-24 24zm216-8v112c0 13.3-10.7 24-24 24H24c-13.3 0-24-10.7-24-24V376c0-13.3 10.7-24 24-24h136v8c0 30.9 25.1 56 56 56h80c30.9 0 56-25.1 56-56v-8h136c13.3 0 24 10.7 24 24zm-124 88c0-11-9-20-20-20s-20 9-20 20 9 20 20 20 20-9 20-20zm64 0c0-11-9-20-20-20s-20 9-20 20 9 20 20 20 20-9 20-20z"
            />
          </svg>
          <h5>
            Open
          </h5>
        </div>
      </label>
      <input
        accept=".yml,.yaml"
        id="files"
        name="yaml"
        onChange={[Function]}
        style={
          Object {
            "display": "none",
          }
        }
        type="file"
      />
    </div>
  </div>
  <div
    className="info-dropdown"
  >
    <h3>
      Db
    </h3>
    <div
      className="content-wrapper"
    >
      <div
        className="overflow-container"
      >
        <div
          className="overview"
        >
          <div>
            <span
              className="command"
            >
              Image: 
            </span>
            <span
              className="command-values"
            >
              postgres
            </span>
          </div>
          <div>
            <span
              className="command"
            >
              Environment: 
            </span>
            <span
              className="command-values"
            >
              <ul>
                <li
                  className="second-level"
                >
                  <span>
                    POSTGRES_MULTIPLE_DATABASES
                    :
                  </span>
                   
                  dpc_attribution,dpc_queue,dpc_auth,dpc_consent
                </li>
                <li
                  className="second-level"
                >
                  <span>
                    POSTGRES_USER
                    :
                  </span>
                   
                  postgres
                </li>
                <li
                  className="second-level"
                >
                  <span>
                    POSTGRES_PASSWORD
                    :
                  </span>
                   
                  dpc-safe
                </li>
              </ul>
            </span>
          </div>
          <div>
            <span
              className="command"
            >
              Ports: 
            </span>
            <span
              className="command-values"
            >
              <ul>
                <li
                  className="second-level"
                >
                  5432:5432
                </li>
              </ul>
            </span>
          </div>
        </div>
      </div>
    </div>
  </div>
</div>
`;
